C51 COMPILER V9.00   TIMER                                                                 03/09/2017 13:35:19 PAGE 1   


C51 COMPILER V9.00, COMPILATION OF MODULE TIMER
OBJECT MODULE PLACED IN .\output\timer.obj
COMPILER INVOKED BY: D:\Keil_C51\C51\BIN\C51.EXE source\timer.c LARGE BROWSE DEBUG OBJECTEXTEND PRINT(.\timer.lst) OBJEC
                    -T(.\output\timer.obj)

line level    source

   1          #include <CS1521.H>
   2          
   3          #include "timer.h"
   4          #include "function.h"
   5          
   6          
   7          //extern unsigned char flag_uart;
   8          /*
   9          void Timer0_Init(void)
  10          {
  11                   NOP;
  12          }
  13          */
  14          /********************************************************************
  15          函数名：
  16          输入：
  17          输出：
  18          作用：定时器初始化
  19          *********************************************************************/
  20          /*
  21          void Timer1_Init(void)
  22          {
  23                     NOP;
  24          } 
  25          
  26          void Timer2_Init(void)
  27          {       
  28                     NOP;
  29          }
  30          
  31          void Pwm_Load(unsigned int pwm_high)
  32          {
  33                  PCMPH = pwm_high>>8;
  34                  PCMPL = pwm_high&0xff;    //duty ratio  pwm_high/3FFF
  35                  PLOADH =0x3F;
  36                  PLOADL =0xFF;    //cycle 0~3FFF 
  37                  PCTRL = 0x04;    //enable pwm , Fosc/1
  38          }
  39            */
  40          /********************************************************************
  41          函数名：delay_ms
  42          输入：
  43          输出：
  44          作用：延时1毫秒
  45          *********************************************************************/
  46          void    Delay_100us(unsigned char time) //8Mhz内部RC震荡延时Xus  
  47          {
  48   1              
  49   1              uchar i;
  50   1          uchar j;
  51   1              for(i=0;i<time;i++)
  52   1              {
  53   2                  for(j=0;j<50;j++)
  54   2                              {
C51 COMPILER V9.00   TIMER                                                                 03/09/2017 13:35:19 PAGE 2   

  55   3      //                                      IEN0|=0X40;
  56   3      //                                      IEN1|=0X40;
  57   3                              }
  58   2                                                              
  59   2              };
  60   1                      
  61   1      }
  62          
  63          void    delay_ms(unsigned int time)     //8Mhz内部RC震荡延时Xms  
  64          {
  65   1              uint16 i;
  66   1              for(i=0;i<time;i++)
  67   1              {
  68   2                 if(flag_uart == 1)
  69   2                      {
  70   3                                      break;
  71   3                      }
  72   2                      Delay_100us(10);
  73   2        
  74   2              }
  75   1                      
  76   1      
  77   1      }
  78          
  79          /***************************************
  80          函数名：12位PWM波形
  81          输入：PWM_UP
  82          输出：
  83          功能：
  84          ****************************************/
  85          /*
  86          void PWM_Init(unsigned int u)
  87          {
  88                  PCMPH = u>>8;
  89                  PCMPL = u&0xff;    //duty ratio  1/3FFF
  90                  PLOADH =0x3F;
  91                  PLOADL =0xFF;    //cycle 0~3FFF 
  92                  PCTRL = 0x04;    //enable pwm , Fosc/1
  93          }
  94            */


MODULE INFORMATION:   STATIC OVERLAYABLE
   CODE SIZE        =     64    ----
   CONSTANT SIZE    =   ----    ----
   XDATA SIZE       =   ----    ----
   PDATA SIZE       =   ----    ----
   DATA SIZE        =   ----       4
   IDATA SIZE       =   ----    ----
   BIT SIZE         =   ----    ----
END OF MODULE INFORMATION.


C51 COMPILATION COMPLETE.  0 WARNING(S),  0 ERROR(S)
